// Jest Snapshot v1, https://goo.gl/fbAQLP

exports[`Home component test should render 1`] = `ShallowWrapper {}`;
